// Jest Snapshot v1, https://goo.gl/fbAQLP

exports[`App Component renders without crashing 1`] = `
<div>
  <GlobalStyleComponent />
  <HeaderComponent
    onClickIcon={[Function]}
  />
  <EmailSubscribe
    toggleTooltip={[Function]}
    visible={false}
  />
</div>
`;
